// Jest Snapshot v1, https://goo.gl/fbAQLP

exports[`matches snapshot 1`] = `
<DocumentFragment>
  <form>
    <label
      for="color"
    >
      Color: 
    </label>
    <input
      id="color"
      name="color"
      type="text"
      value=""
    />
    <label
      for="color"
    >
       Height: 
    </label>
    <input
      id="height"
      name="height"
      type="text"
      value=""
    />
    <label
      for="width"
    >
       Width: 
    </label>
    <input
      id="width"
      name="width"
      type="text"
      value=""
    />
    <button
      id="newBoxButton"
    >
      Add Box
    </button>
  </form>
</DocumentFragment>
`;
